../Core/Src/main.c:89:5:main	8	static
../Core/Src/main.c:154:6:SystemClock_Config	72	static
../Core/Src/main.c:194:13:MX_TIM2_Init	32	static
../Core/Src/main.c:239:13:MX_USART1_UART_Init	8	static
../Core/Src/main.c:272:13:MX_USART2_UART_Init	8	static
../Core/Src/main.c:305:13:MX_USART3_UART_Init	8	static
../Core/Src/main.c:338:13:MX_GPIO_Init	40	static
../Core/Src/main.c:381:6:BlinkLED	8	static
../Core/Src/main.c:386:6:checkUSART	8	static
../Core/Src/main.c:395:6:HAL_TIM_PeriodElapsedCallback	16	static
../Core/Src/main.c:404:6:HAL_UART_RxCpltCallback	16	static
../Core/Src/main.c:421:6:Error_Handler	4	static,ignoring_inline_asm
