20:57:36 **** Incremental Build of configuration Debug for project Signal_Control ****
make -j8 all 
arm-none-eabi-gcc "../Core/Src/MCU_Python_communication.c" -mcpu=cortex-m3 -std=gnu11 -g3 -DDEBUG -DUSE_HAL_DRIVER -DSTM32F103xB -c -I../Core/Inc -I../Drivers/STM32F1xx_HAL_Driver/Inc -I../Drivers/STM32F1xx_HAL_Driver/Inc/Legacy -I../Drivers/CMSIS/Device/ST/STM32F1xx/Include -I../Drivers/CMSIS/Include -O0 -ffunction-sections -fdata-sections -Wall -fstack-usage -fcyclomatic-complexity -MMD -MP -MF"Core/Src/MCU_Python_communication.d" -MT"Core/Src/MCU_Python_communication.o" --specs=nano.specs -mfloat-abi=soft -mthumb -o "Core/Src/MCU_Python_communication.o"
arm-none-eabi-gcc "../Core/Src/command_processing.c" -mcpu=cortex-m3 -std=gnu11 -g3 -DDEBUG -DUSE_HAL_DRIVER -DSTM32F103xB -c -I../Core/Inc -I../Drivers/STM32F1xx_HAL_Driver/Inc -I../Drivers/STM32F1xx_HAL_Driver/Inc/Legacy -I../Drivers/CMSIS/Device/ST/STM32F1xx/Include -I../Drivers/CMSIS/Include -O0 -ffunction-sections -fdata-sections -Wall -fstack-usage -fcyclomatic-complexity -MMD -MP -MF"Core/Src/command_processing.d" -MT"Core/Src/command_processing.o" --specs=nano.specs -mfloat-abi=soft -mthumb -o "Core/Src/command_processing.o"
arm-none-eabi-gcc "../Core/Src/main.c" -mcpu=cortex-m3 -std=gnu11 -g3 -DDEBUG -DUSE_HAL_DRIVER -DSTM32F103xB -c -I../Core/Inc -I../Drivers/STM32F1xx_HAL_Driver/Inc -I../Drivers/STM32F1xx_HAL_Driver/Inc/Legacy -I../Drivers/CMSIS/Device/ST/STM32F1xx/Include -I../Drivers/CMSIS/Include -O0 -ffunction-sections -fdata-sections -Wall -fstack-usage -fcyclomatic-complexity -MMD -MP -MF"Core/Src/main.d" -MT"Core/Src/main.o" --specs=nano.specs -mfloat-abi=soft -mthumb -o "Core/Src/main.o"
arm-none-eabi-gcc -o "Signal_Control.elf" @"objects.list"   -mcpu=cortex-m3 -T"E:\IoT\Assignment\MCU\Signal_Control\STM32F103RBTX_FLASH.ld" --specs=nosys.specs -Wl,-Map="Signal_Control.map" -Wl,--gc-sections -static --specs=nano.specs -mfloat-abi=soft -mthumb -Wl,--start-group -lc -lm -Wl,--end-group
Finished building target: Signal_Control.elf
 
arm-none-eabi-size   Signal_Control.elf 
arm-none-eabi-objdump -h -S  Signal_Control.elf  > "Signal_Control.list"
arm-none-eabi-objcopy  -O ihex  Signal_Control.elf  "Signal_Control.hex"
   text	   data	    bss	    dec	    hex	filename
  15548	    168	   1968	  17684	   4514	Signal_Control.elf
Finished building: default.size.stdout
 
Finished building: Signal_Control.hex
 
Finished building: Signal_Control.list
 
20:57:40 **** Incremental Build of configuration Debug for project Signal_Control ****
make -j8 all 
arm-none-eabi-size   Signal_Control.elf 
   text	   data	    bss	    dec	    hex	filename
  15548	    168	   1968	  17684	   4514	Signal_Control.elf
Finished building: default.size.stdout
 
20:58:42 **** Incremental Build of configuration Debug for project Signal_Control ****
make -j8 all 
arm-none-eabi-gcc "../Core/Src/main.c" -mcpu=cortex-m3 -std=gnu11 -g3 -DDEBUG -DUSE_HAL_DRIVER -DSTM32F103xB -c -I../Core/Inc -I../Drivers/STM32F1xx_HAL_Driver/Inc -I../Drivers/STM32F1xx_HAL_Driver/Inc/Legacy -I../Drivers/CMSIS/Device/ST/STM32F1xx/Include -I../Drivers/CMSIS/Include -O0 -ffunction-sections -fdata-sections -Wall -fstack-usage -fcyclomatic-complexity -MMD -MP -MF"Core/Src/main.d" -MT"Core/Src/main.o" --specs=nano.specs -mfloat-abi=soft -mthumb -o "Core/Src/main.o"
arm-none-eabi-gcc -o "Signal_Control.elf" @"objects.list"   -mcpu=cortex-m3 -T"E:\IoT\Assignment\MCU\Signal_Control\STM32F103RBTX_FLASH.ld" --specs=nosys.specs -Wl,-Map="Signal_Control.map" -Wl,--gc-sections -static --specs=nano.specs -mfloat-abi=soft -mthumb -Wl,--start-group -lc -lm -Wl,--end-group
Finished building target: Signal_Control.elf
 
arm-none-eabi-size   Signal_Control.elf 
arm-none-eabi-objdump -h -S  Signal_Control.elf  > "Signal_Control.list"
arm-none-eabi-objcopy  -O ihex  Signal_Control.elf  "Signal_Control.hex"
   text	   data	    bss	    dec	    hex	filename
  15548	    168	   1968	  17684	   4514	Signal_Control.elf
Finished building: default.size.stdout
 
Finished building: Signal_Control.hex
 
Finished building: Signal_Control.list
 
21:00:28 **** Incremental Build of configuration Debug for project Signal_Control ****
make -j8 all 
arm-none-eabi-gcc "../Core/Src/DHT.c" -mcpu=cortex-m3 -std=gnu11 -g3 -DDEBUG -DUSE_HAL_DRIVER -DSTM32F103xB -c -I../Core/Inc -I../Drivers/STM32F1xx_HAL_Driver/Inc -I../Drivers/STM32F1xx_HAL_Driver/Inc/Legacy -I../Drivers/CMSIS/Device/ST/STM32F1xx/Include -I../Drivers/CMSIS/Include -O0 -ffunction-sections -fdata-sections -Wall -fstack-usage -fcyclomatic-complexity -MMD -MP -MF"Core/Src/DHT.d" -MT"Core/Src/DHT.o" --specs=nano.specs -mfloat-abi=soft -mthumb -o "Core/Src/DHT.o"
arm-none-eabi-gcc -o "Signal_Control.elf" @"objects.list"   -mcpu=cortex-m3 -T"E:\IoT\Assignment\MCU\Signal_Control\STM32F103RBTX_FLASH.ld" --specs=nosys.specs -Wl,-Map="Signal_Control.map" -Wl,--gc-sections -static --specs=nano.specs -mfloat-abi=soft -mthumb -Wl,--start-group -lc -lm -Wl,--end-group
Finished building target: Signal_Control.elf
 
arm-none-eabi-size   Signal_Control.elf 
arm-none-eabi-objdump -h -S  Signal_Control.elf  > "Signal_Control.list"
arm-none-eabi-objcopy  -O ihex  Signal_Control.elf  "Signal_Control.hex"
   text	   data	    bss	    dec	    hex	filename
  15548	    168	   1968	  17684	   4514	Signal_Control.elf
Finished building: default.size.stdout
 
Finished building: Signal_Control.hex
 
Finished building: Signal_Control.list
 
21:27:55 **** Incremental Build of configuration Debug for project Signal_Control ****
make -j8 all 
arm-none-eabi-gcc "../Core/Src/stm32f1xx_hal_msp.c" -mcpu=cortex-m3 -std=gnu11 -g3 -DDEBUG -DUSE_HAL_DRIVER -DSTM32F103xB -c -I../Core/Inc -I../Drivers/STM32F1xx_HAL_Driver/Inc -I../Drivers/STM32F1xx_HAL_Driver/Inc/Legacy -I../Drivers/CMSIS/Device/ST/STM32F1xx/Include -I../Drivers/CMSIS/Include -O0 -ffunction-sections -fdata-sections -Wall -fstack-usage -fcyclomatic-complexity -MMD -MP -MF"Core/Src/stm32f1xx_hal_msp.d" -MT"Core/Src/stm32f1xx_hal_msp.o" --specs=nano.specs -mfloat-abi=soft -mthumb -o "Core/Src/stm32f1xx_hal_msp.o"
arm-none-eabi-gcc "../Core/Src/stm32f1xx_it.c" -mcpu=cortex-m3 -std=gnu11 -g3 -DDEBUG -DUSE_HAL_DRIVER -DSTM32F103xB -c -I../Core/Inc -I../Drivers/STM32F1xx_HAL_Driver/Inc -I../Drivers/STM32F1xx_HAL_Driver/Inc/Legacy -I../Drivers/CMSIS/Device/ST/STM32F1xx/Include -I../Drivers/CMSIS/Include -O0 -ffunction-sections -fdata-sections -Wall -fstack-usage -fcyclomatic-complexity -MMD -MP -MF"Core/Src/stm32f1xx_it.d" -MT"Core/Src/stm32f1xx_it.o" --specs=nano.specs -mfloat-abi=soft -mthumb -o "Core/Src/stm32f1xx_it.o"
arm-none-eabi-gcc -o "Signal_Control.elf" @"objects.list"   -mcpu=cortex-m3 -T"E:\IoT\Assignment\MCU\Signal_Control\STM32F103RBTX_FLASH.ld" --specs=nosys.specs -Wl,-Map="Signal_Control.map" -Wl,--gc-sections -static --specs=nano.specs -mfloat-abi=soft -mthumb -Wl,--start-group -lc -lm -Wl,--end-group
Finished building target: Signal_Control.elf
 
arm-none-eabi-size   Signal_Control.elf 
arm-none-eabi-objdump -h -S  Signal_Control.elf  > "Signal_Control.list"
arm-none-eabi-objcopy  -O ihex  Signal_Control.elf  "Signal_Control.hex"
   text	   data	    bss	    dec	    hex	filename
  15584	    168	   1968	  17720	   4538	Signal_Control.elf
Finished building: default.size.stdout
 
Finished building: Signal_Control.hex
 
Finished building: Signal_Control.list
 
21:30:06 **** Incremental Build of configuration Debug for project Signal_Control ****
make -j8 all 
arm-none-eabi-gcc "../Core/Src/main.c" -mcpu=cortex-m3 -std=gnu11 -g3 -DDEBUG -DUSE_HAL_DRIVER -DSTM32F103xB -c -I../Core/Inc -I../Drivers/STM32F1xx_HAL_Driver/Inc -I../Drivers/STM32F1xx_HAL_Driver/Inc/Legacy -I../Drivers/CMSIS/Device/ST/STM32F1xx/Include -I../Drivers/CMSIS/Include -O0 -ffunction-sections -fdata-sections -Wall -fstack-usage -fcyclomatic-complexity -MMD -MP -MF"Core/Src/main.d" -MT"Core/Src/main.o" --specs=nano.specs -mfloat-abi=soft -mthumb -o "Core/Src/main.o"
arm-none-eabi-gcc -o "Signal_Control.elf" @"objects.list"   -mcpu=cortex-m3 -T"E:\IoT\Assignment\MCU\Signal_Control\STM32F103RBTX_FLASH.ld" --specs=nosys.specs -Wl,-Map="Signal_Control.map" -Wl,--gc-sections -static --specs=nano.specs -mfloat-abi=soft -mthumb -Wl,--start-group -lc -lm -Wl,--end-group
Finished building target: Signal_Control.elf
 
arm-none-eabi-size   Signal_Control.elf 
arm-none-eabi-objdump -h -S  Signal_Control.elf  > "Signal_Control.list"
arm-none-eabi-objcopy  -O ihex  Signal_Control.elf  "Signal_Control.hex"
   text	   data	    bss	    dec	    hex	filename
  15584	    168	   1968	  17720	   4538	Signal_Control.elf
Finished building: default.size.stdout
 
Finished building: Signal_Control.hex
 
Finished building: Signal_Control.list
 
23:17:12 **** Incremental Build of configuration Debug for project Signal_Control ****
make -j8 all 
arm-none-eabi-gcc "../Core/Src/DHT.c" -mcpu=cortex-m3 -std=gnu11 -g3 -DDEBUG -DUSE_HAL_DRIVER -DSTM32F103xB -c -I../Core/Inc -I../Drivers/STM32F1xx_HAL_Driver/Inc -I../Drivers/STM32F1xx_HAL_Driver/Inc/Legacy -I../Drivers/CMSIS/Device/ST/STM32F1xx/Include -I../Drivers/CMSIS/Include -O0 -ffunction-sections -fdata-sections -Wall -fstack-usage -fcyclomatic-complexity -MMD -MP -MF"Core/Src/DHT.d" -MT"Core/Src/DHT.o" --specs=nano.specs -mfloat-abi=soft -mthumb -o "Core/Src/DHT.o"
arm-none-eabi-gcc "../Core/Src/main.c" -mcpu=cortex-m3 -std=gnu11 -g3 -DDEBUG -DUSE_HAL_DRIVER -DSTM32F103xB -c -I../Core/Inc -I../Drivers/STM32F1xx_HAL_Driver/Inc -I../Drivers/STM32F1xx_HAL_Driver/Inc/Legacy -I../Drivers/CMSIS/Device/ST/STM32F1xx/Include -I../Drivers/CMSIS/Include -O0 -ffunction-sections -fdata-sections -Wall -fstack-usage -fcyclomatic-complexity -MMD -MP -MF"Core/Src/main.d" -MT"Core/Src/main.o" --specs=nano.specs -mfloat-abi=soft -mthumb -o "Core/Src/main.o"
arm-none-eabi-gcc "../Core/Src/stm32f1xx_hal_msp.c" -mcpu=cortex-m3 -std=gnu11 -g3 -DDEBUG -DUSE_HAL_DRIVER -DSTM32F103xB -c -I../Core/Inc -I../Drivers/STM32F1xx_HAL_Driver/Inc -I../Drivers/STM32F1xx_HAL_Driver/Inc/Legacy -I../Drivers/CMSIS/Device/ST/STM32F1xx/Include -I../Drivers/CMSIS/Include -O0 -ffunction-sections -fdata-sections -Wall -fstack-usage -fcyclomatic-complexity -MMD -MP -MF"Core/Src/stm32f1xx_hal_msp.d" -MT"Core/Src/stm32f1xx_hal_msp.o" --specs=nano.specs -mfloat-abi=soft -mthumb -o "Core/Src/stm32f1xx_hal_msp.o"
arm-none-eabi-gcc "../Core/Src/stm32f1xx_it.c" -mcpu=cortex-m3 -std=gnu11 -g3 -DDEBUG -DUSE_HAL_DRIVER -DSTM32F103xB -c -I../Core/Inc -I../Drivers/STM32F1xx_HAL_Driver/Inc -I../Drivers/STM32F1xx_HAL_Driver/Inc/Legacy -I../Drivers/CMSIS/Device/ST/STM32F1xx/Include -I../Drivers/CMSIS/Include -O0 -ffunction-sections -fdata-sections -Wall -fstack-usage -fcyclomatic-complexity -MMD -MP -MF"Core/Src/stm32f1xx_it.d" -MT"Core/Src/stm32f1xx_it.o" --specs=nano.specs -mfloat-abi=soft -mthumb -o "Core/Src/stm32f1xx_it.o"
arm-none-eabi-gcc -o "Signal_Control.elf" @"objects.list"   -mcpu=cortex-m3 -T"E:\IoT\Assignment\MCU\Signal_Control\STM32F103RBTX_FLASH.ld" --specs=nosys.specs -Wl,-Map="Signal_Control.map" -Wl,--gc-sections -static --specs=nano.specs -mfloat-abi=soft -mthumb -Wl,--start-group -lc -lm -Wl,--end-group
Finished building target: Signal_Control.elf
 
arm-none-eabi-size   Signal_Control.elf 
arm-none-eabi-objdump -h -S  Signal_Control.elf  > "Signal_Control.list"
arm-none-eabi-objcopy  -O ihex  Signal_Control.elf  "Signal_Control.hex"
   text	   data	    bss	    dec	    hex	filename
  15820	    168	   2040	  18028	   466c	Signal_Control.elf
Finished building: default.size.stdout
 
Finished building: Signal_Control.hex
 
Finished building: Signal_Control.list
 
23:25:46 **** Incremental Build of configuration Debug for project Signal_Control ****
make -j8 all 
arm-none-eabi-size   Signal_Control.elf 
   text	   data	    bss	    dec	    hex	filename
  15820	    168	   2040	  18028	   466c	Signal_Control.elf
Finished building: default.size.stdout
 
23:30:37 **** Incremental Build of configuration Debug for project Signal_Control ****
make -j8 all 
arm-none-eabi-gcc "../Core/Src/DHT.c" -mcpu=cortex-m3 -std=gnu11 -g3 -DDEBUG -DUSE_HAL_DRIVER -DSTM32F103xB -c -I../Core/Inc -I../Drivers/STM32F1xx_HAL_Driver/Inc -I../Drivers/STM32F1xx_HAL_Driver/Inc/Legacy -I../Drivers/CMSIS/Device/ST/STM32F1xx/Include -I../Drivers/CMSIS/Include -O0 -ffunction-sections -fdata-sections -Wall -fstack-usage -fcyclomatic-complexity -MMD -MP -MF"Core/Src/DHT.d" -MT"Core/Src/DHT.o" --specs=nano.specs -mfloat-abi=soft -mthumb -o "Core/Src/DHT.o"
arm-none-eabi-gcc "../Core/Src/main.c" -mcpu=cortex-m3 -std=gnu11 -g3 -DDEBUG -DUSE_HAL_DRIVER -DSTM32F103xB -c -I../Core/Inc -I../Drivers/STM32F1xx_HAL_Driver/Inc -I../Drivers/STM32F1xx_HAL_Driver/Inc/Legacy -I../Drivers/CMSIS/Device/ST/STM32F1xx/Include -I../Drivers/CMSIS/Include -O0 -ffunction-sections -fdata-sections -Wall -fstack-usage -fcyclomatic-complexity -MMD -MP -MF"Core/Src/main.d" -MT"Core/Src/main.o" --specs=nano.specs -mfloat-abi=soft -mthumb -o "Core/Src/main.o"
arm-none-eabi-gcc -o "Signal_Control.elf" @"objects.list"   -mcpu=cortex-m3 -T"E:\IoT\Assignment\MCU\Signal_Control\STM32F103RBTX_FLASH.ld" --specs=nosys.specs -Wl,-Map="Signal_Control.map" -Wl,--gc-sections -static --specs=nano.specs -mfloat-abi=soft -mthumb -Wl,--start-group -lc -lm -Wl,--end-group
Finished building target: Signal_Control.elf
 
arm-none-eabi-size   Signal_Control.elf 
arm-none-eabi-objdump -h -S  Signal_Control.elf  > "Signal_Control.list"
arm-none-eabi-objcopy  -O ihex  Signal_Control.elf  "Signal_Control.hex"
   text	   data	    bss	    dec	    hex	filename
  15820	    168	   2040	  18028	   466c	Signal_Control.elf
Finished building: default.size.stdout
 
Finished building: Signal_Control.hex
 
Finished building: Signal_Control.list
 
23:34:20 **** Incremental Build of configuration Debug for project Signal_Control ****
make -j8 all 
arm-none-eabi-gcc "../Core/Src/DHT.c" -mcpu=cortex-m3 -std=gnu11 -g3 -DDEBUG -DUSE_HAL_DRIVER -DSTM32F103xB -c -I../Core/Inc -I../Drivers/STM32F1xx_HAL_Driver/Inc -I../Drivers/STM32F1xx_HAL_Driver/Inc/Legacy -I../Drivers/CMSIS/Device/ST/STM32F1xx/Include -I../Drivers/CMSIS/Include -O0 -ffunction-sections -fdata-sections -Wall -fstack-usage -fcyclomatic-complexity -MMD -MP -MF"Core/Src/DHT.d" -MT"Core/Src/DHT.o" --specs=nano.specs -mfloat-abi=soft -mthumb -o "Core/Src/DHT.o"
arm-none-eabi-gcc "../Core/Src/main.c" -mcpu=cortex-m3 -std=gnu11 -g3 -DDEBUG -DUSE_HAL_DRIVER -DSTM32F103xB -c -I../Core/Inc -I../Drivers/STM32F1xx_HAL_Driver/Inc -I../Drivers/STM32F1xx_HAL_Driver/Inc/Legacy -I../Drivers/CMSIS/Device/ST/STM32F1xx/Include -I../Drivers/CMSIS/Include -O0 -ffunction-sections -fdata-sections -Wall -fstack-usage -fcyclomatic-complexity -MMD -MP -MF"Core/Src/main.d" -MT"Core/Src/main.o" --specs=nano.specs -mfloat-abi=soft -mthumb -o "Core/Src/main.o"
arm-none-eabi-gcc -o "Signal_Control.elf" @"objects.list"   -mcpu=cortex-m3 -T"E:\IoT\Assignment\MCU\Signal_Control\STM32F103RBTX_FLASH.ld" --specs=nosys.specs -Wl,-Map="Signal_Control.map" -Wl,--gc-sections -static --specs=nano.specs -mfloat-abi=soft -mthumb -Wl,--start-group -lc -lm -Wl,--end-group
Finished building target: Signal_Control.elf
 
arm-none-eabi-size   Signal_Control.elf 
arm-none-eabi-objdump -h -S  Signal_Control.elf  > "Signal_Control.list"
arm-none-eabi-objcopy  -O ihex  Signal_Control.elf  "Signal_Control.hex"
   text	   data	    bss	    dec	    hex	filename
  15820	    168	   2040	  18028	   466c	Signal_Control.elf
Finished building: default.size.stdout
 
Finished building: Signal_Control.hex
 
Finished building: Signal_Control.list
 
