23:34:20 **** Incremental Build of configuration Debug for project Signal_Control ****
make -j8 all 
arm-none-eabi-gcc "../Core/Src/DHT.c" -mcpu=cortex-m3 -std=gnu11 -g3 -DDEBUG -DUSE_HAL_DRIVER -DSTM32F103xB -c -I../Core/Inc -I../Drivers/STM32F1xx_HAL_Driver/Inc -I../Drivers/STM32F1xx_HAL_Driver/Inc/Legacy -I../Drivers/CMSIS/Device/ST/STM32F1xx/Include -I../Drivers/CMSIS/Include -O0 -ffunction-sections -fdata-sections -Wall -fstack-usage -fcyclomatic-complexity -MMD -MP -MF"Core/Src/DHT.d" -MT"Core/Src/DHT.o" --specs=nano.specs -mfloat-abi=soft -mthumb -o "Core/Src/DHT.o"
arm-none-eabi-gcc "../Core/Src/main.c" -mcpu=cortex-m3 -std=gnu11 -g3 -DDEBUG -DUSE_HAL_DRIVER -DSTM32F103xB -c -I../Core/Inc -I../Drivers/STM32F1xx_HAL_Driver/Inc -I../Drivers/STM32F1xx_HAL_Driver/Inc/Legacy -I../Drivers/CMSIS/Device/ST/STM32F1xx/Include -I../Drivers/CMSIS/Include -O0 -ffunction-sections -fdata-sections -Wall -fstack-usage -fcyclomatic-complexity -MMD -MP -MF"Core/Src/main.d" -MT"Core/Src/main.o" --specs=nano.specs -mfloat-abi=soft -mthumb -o "Core/Src/main.o"
arm-none-eabi-gcc -o "Signal_Control.elf" @"objects.list"   -mcpu=cortex-m3 -T"E:\IoT\Assignment\MCU\Signal_Control\STM32F103RBTX_FLASH.ld" --specs=nosys.specs -Wl,-Map="Signal_Control.map" -Wl,--gc-sections -static --specs=nano.specs -mfloat-abi=soft -mthumb -Wl,--start-group -lc -lm -Wl,--end-group
Finished building target: Signal_Control.elf
 
arm-none-eabi-size   Signal_Control.elf 
arm-none-eabi-objdump -h -S  Signal_Control.elf  > "Signal_Control.list"
arm-none-eabi-objcopy  -O ihex  Signal_Control.elf  "Signal_Control.hex"
   text	   data	    bss	    dec	    hex	filename
  15820	    168	   2040	  18028	   466c	Signal_Control.elf
Finished building: default.size.stdout
 
Finished building: Signal_Control.hex
 
Finished building: Signal_Control.list
 

23:34:21 Build Finished. 0 errors, 0 warnings. (took 879ms)

